Archive member included because of file (symbol)

c:/program files (x86)/atmel/atmel toolchain/avr8 gcc/native/3.4.1056/avr8-gnu-toolchain/bin/../lib/gcc/avr/4.8.1/avrxmega7\libgcc.a(_exit.o)
                              c:/program files (x86)/atmel/atmel toolchain/avr8 gcc/native/3.4.1056/avr8-gnu-toolchain/bin/../lib/gcc/avr/4.8.1/../../../../avr/lib/avrxmega7/crtx128a4u.o (exit)
c:/program files (x86)/atmel/atmel toolchain/avr8 gcc/native/3.4.1056/avr8-gnu-toolchain/bin/../lib/gcc/avr/4.8.1/avrxmega7\libgcc.a(_copy_data.o)
                              FreeRTOS/Source/tasks.o (__do_copy_data)
c:/program files (x86)/atmel/atmel toolchain/avr8 gcc/native/3.4.1056/avr8-gnu-toolchain/bin/../lib/gcc/avr/4.8.1/avrxmega7\libgcc.a(_clear_bss.o)
                              FreeRTOS/Port/heap_1.o (__do_clear_bss)
c:/program files (x86)/atmel/atmel toolchain/avr8 gcc/native/3.4.1056/avr8-gnu-toolchain/bin/../lib/gcc/avr/4.8.1/../../../../avr/lib/avrxmega7\libc.a(memcpy.o)
                              FreeRTOS/Source/queue.o (memcpy)
c:/program files (x86)/atmel/atmel toolchain/avr8 gcc/native/3.4.1056/avr8-gnu-toolchain/bin/../lib/gcc/avr/4.8.1/../../../../avr/lib/avrxmega7\libc.a(memset.o)
                              FreeRTOS/Source/tasks.o (memset)
c:/program files (x86)/atmel/atmel toolchain/avr8 gcc/native/3.4.1056/avr8-gnu-toolchain/bin/../lib/gcc/avr/4.8.1/../../../../avr/lib/avrxmega7\libc.a(strncpy.o)
                              FreeRTOS/Source/tasks.o (strncpy)
c:/program files (x86)/atmel/atmel toolchain/avr8 gcc/native/3.4.1056/avr8-gnu-toolchain/bin/../lib/gcc/avr/4.8.1/../../../../avr/lib/avrxmega7\libc.a(itoa.o)
                              MyDrivers/usart_driver_RTOS.o (__itoa)
c:/program files (x86)/atmel/atmel toolchain/avr8 gcc/native/3.4.1056/avr8-gnu-toolchain/bin/../lib/gcc/avr/4.8.1/../../../../avr/lib/avrxmega7\libc.a(itoa_ncheck.o)
                              c:/program files (x86)/atmel/atmel toolchain/avr8 gcc/native/3.4.1056/avr8-gnu-toolchain/bin/../lib/gcc/avr/4.8.1/../../../../avr/lib/avrxmega7\libc.a(itoa.o) (__itoa_ncheck)
c:/program files (x86)/atmel/atmel toolchain/avr8 gcc/native/3.4.1056/avr8-gnu-toolchain/bin/../lib/gcc/avr/4.8.1/../../../../avr/lib/avrxmega7\libc.a(utoa_ncheck.o)
                              c:/program files (x86)/atmel/atmel toolchain/avr8 gcc/native/3.4.1056/avr8-gnu-toolchain/bin/../lib/gcc/avr/4.8.1/../../../../avr/lib/avrxmega7\libc.a(itoa_ncheck.o) (__utoa_common)
c:/program files (x86)/atmel/atmel toolchain/avr8 gcc/native/3.4.1056/avr8-gnu-toolchain/bin/../lib/gcc/avr/4.8.1/../../../../avr/lib/avrxmega7\libc.a(strrev.o)
                              c:/program files (x86)/atmel/atmel toolchain/avr8 gcc/native/3.4.1056/avr8-gnu-toolchain/bin/../lib/gcc/avr/4.8.1/../../../../avr/lib/avrxmega7\libc.a(utoa_ncheck.o) (strrev)

Allocating common symbols
Common symbol       size              file

usartBufferF        0x2               MyDrivers/usart_driver_RTOS.o
usartBufferE        0x2               MyDrivers/usart_driver_RTOS.o
usartBufferD        0x2               MyDrivers/usart_driver_RTOS.o
usartBufferC        0x2               MyDrivers/usart_driver_RTOS.o

Discarded input sections

 .bss           0x00000000        0x0 c:/program files (x86)/atmel/atmel toolchain/avr8 gcc/native/3.4.1056/avr8-gnu-toolchain/bin/../lib/gcc/avr/4.8.1/../../../../avr/lib/avrxmega7/crtx128a4u.o
 .text          0x00000000        0x0 FreeRTOS/Port/heap_1.o
 .bss           0x00000000        0x0 FreeRTOS/Port/heap_1.o
 .text.vPortInitialiseBlocks
                0x00000000        0xa FreeRTOS/Port/heap_1.o
 .text.xPortGetFreeHeapSize
                0x00000000       0x12 FreeRTOS/Port/heap_1.o
 .text          0x00000000        0x0 FreeRTOS/Port/port.o
 .bss           0x00000000        0x0 FreeRTOS/Port/port.o
 .text.vPortEndScheduler
                0x00000000        0x2 FreeRTOS/Port/port.o
 .text          0x00000000        0x0 FreeRTOS/Source/croutine.o
 .bss           0x00000000        0x0 FreeRTOS/Source/croutine.o
 .text.xCoRoutineCreate
                0x00000000       0xd4 FreeRTOS/Source/croutine.o
 .text.vCoRoutineAddToDelayedList
                0x00000000       0x86 FreeRTOS/Source/croutine.o
 .text.vCoRoutineSchedule
                0x00000000      0x26e FreeRTOS/Source/croutine.o
 .text.xCoRoutineRemoveFromEventList
                0x00000000       0x4a FreeRTOS/Source/croutine.o
 .bss.xPassedTicks
                0x00000000        0x2 FreeRTOS/Source/croutine.o
 .bss.xLastTickCount
                0x00000000        0x2 FreeRTOS/Source/croutine.o
 .bss.xCoRoutineTickCount
                0x00000000        0x2 FreeRTOS/Source/croutine.o
 .bss.uxTopCoRoutineReadyPriority
                0x00000000        0x1 FreeRTOS/Source/croutine.o
 .bss.pxCurrentCoRoutine
                0x00000000        0x2 FreeRTOS/Source/croutine.o
 .bss.xPendingReadyCoRoutineList
                0x00000000        0x9 FreeRTOS/Source/croutine.o
 .bss.pxOverflowDelayedCoRoutineList
                0x00000000        0x2 FreeRTOS/Source/croutine.o
 .bss.pxDelayedCoRoutineList
                0x00000000        0x2 FreeRTOS/Source/croutine.o
 .bss.xDelayedCoRoutineList2
                0x00000000        0x9 FreeRTOS/Source/croutine.o
 .bss.xDelayedCoRoutineList1
                0x00000000        0x9 FreeRTOS/Source/croutine.o
 .bss.pxReadyCoRoutineLists
                0x00000000        0x0 FreeRTOS/Source/croutine.o
 .text          0x00000000        0x0 FreeRTOS/Source/list.o
 .bss           0x00000000        0x0 FreeRTOS/Source/list.o
 .text          0x00000000        0x0 FreeRTOS/Source/queue.o
 .bss           0x00000000        0x0 FreeRTOS/Source/queue.o
 .text.xQueueCreateMutex
                0x00000000       0x58 FreeRTOS/Source/queue.o
 .text.uxQueueMessagesWaiting
                0x00000000       0x10 FreeRTOS/Source/queue.o
 .text.uxQueueMessagesWaitingFromISR
                0x00000000        0x6 FreeRTOS/Source/queue.o
 .text.vQueueDelete
                0x00000000       0x1a FreeRTOS/Source/queue.o
 .text.xQueueIsQueueEmptyFromISR
                0x00000000        0xc FreeRTOS/Source/queue.o
 .text.xQueueIsQueueFullFromISR
                0x00000000        0xe FreeRTOS/Source/queue.o
 .text          0x00000000        0x0 FreeRTOS/Source/tasks.o
 .bss           0x00000000        0x0 FreeRTOS/Source/tasks.o
 .text.xTaskIsTaskSuspended
                0x00000000       0x2c FreeRTOS/Source/tasks.o
 .text.vTaskResume
                0x00000000       0x86 FreeRTOS/Source/tasks.o
 .text.xTaskResumeFromISR
                0x00000000       0x90 FreeRTOS/Source/tasks.o
 .text.vTaskEndScheduler
                0x00000000        0xc FreeRTOS/Source/tasks.o
 .text.xTaskGetTickCountFromISR
                0x00000000        0xa FreeRTOS/Source/tasks.o
 .text.uxTaskGetNumberOfTasks
                0x00000000        0x6 FreeRTOS/Source/tasks.o
 .text.vTaskDelayUntil
                0x00000000       0x94 FreeRTOS/Source/tasks.o
 .text.vTaskSuspend
                0x00000000       0x9e FreeRTOS/Source/tasks.o
 .text.uxTaskGetStackHighWaterMark
                0x00000000       0x32 FreeRTOS/Source/tasks.o
 .text          0x00000000        0x0 FreeRTOS/Source/timers.o
 .bss           0x00000000        0x0 FreeRTOS/Source/timers.o
 .text.xTimerCreate
                0x00000000       0x70 FreeRTOS/Source/timers.o
 .text.xTimerIsTimerActive
                0x00000000       0x1a FreeRTOS/Source/timers.o
 .text.pvTimerGetTimerID
                0x00000000        0x8 FreeRTOS/Source/timers.o
 .text          0x00000000        0x0 main.o
 .bss           0x00000000        0x0 main.o
 .text          0x00000000        0x0 MyDrivers/port_driver.o
 .bss           0x00000000        0x0 MyDrivers/port_driver.o
 .text.PORT_ConfigureInterrupt0
                0x00000000        0xe MyDrivers/port_driver.o
 .text.PORT_ConfigureInterrupt1
                0x00000000        0xe MyDrivers/port_driver.o
 .text          0x00000000        0x0 MyDrivers/TC_driver.o
 .bss           0x00000000        0x0 MyDrivers/TC_driver.o
 .text.TC1_ConfigClockSource
                0x00000000        0xc MyDrivers/TC_driver.o
 .text.TC0_ConfigWGM
                0x00000000        0xc MyDrivers/TC_driver.o
 .text.TC1_ConfigWGM
                0x00000000        0xc MyDrivers/TC_driver.o
 .text.TC0_ConfigInputCapture
                0x00000000        0xe MyDrivers/TC_driver.o
 .text.TC1_ConfigInputCapture
                0x00000000        0xe MyDrivers/TC_driver.o
 .text.TC0_EnableCCChannels
                0x00000000        0xc MyDrivers/TC_driver.o
 .text.TC1_EnableCCChannels
                0x00000000        0xc MyDrivers/TC_driver.o
 .text.TC0_DisableCCChannels
                0x00000000        0xe MyDrivers/TC_driver.o
 .text.TC1_DisableCCChannels
                0x00000000        0xe MyDrivers/TC_driver.o
 .text.TC1_SetOverflowIntLevel
                0x00000000        0xc MyDrivers/TC_driver.o
 .text.TC0_SetErrorIntLevel
                0x00000000        0xc MyDrivers/TC_driver.o
 .text.TC1_SetErrorIntLevel
                0x00000000        0xc MyDrivers/TC_driver.o
 .text.TC0_SetCCAIntLevel
                0x00000000        0xc MyDrivers/TC_driver.o
 .text.TC1_SetCCAIntLevel
                0x00000000        0xc MyDrivers/TC_driver.o
 .text.TC0_SetCCBIntLevel
                0x00000000        0xc MyDrivers/TC_driver.o
 .text.TC1_SetCCBIntLevel
                0x00000000        0xc MyDrivers/TC_driver.o
 .text.TC0_SetCCCIntLevel
                0x00000000        0xc MyDrivers/TC_driver.o
 .text.TC0_SetCCDIntLevel
                0x00000000        0xc MyDrivers/TC_driver.o
 .text.TC0_Reset
                0x00000000        0xe MyDrivers/TC_driver.o
 .text.TC1_Reset
                0x00000000        0xe MyDrivers/TC_driver.o
 .text          0x00000000        0x0 MyDrivers/usart_driver_RTOS.o
 .bss           0x00000000        0x0 MyDrivers/usart_driver_RTOS.o
 .text.USARTF0_RXC_vect
                0x00000000       0xb0 MyDrivers/usart_driver_RTOS.o
 .text.USARTF0_DRE_vect
                0x00000000       0xc6 MyDrivers/usart_driver_RTOS.o
 .rodata.str1.1
                0x00000000       0x1e MyDrivers/usart_driver_RTOS.o
 .text.usartBufferPutInt
                0x00000000       0x42 MyDrivers/usart_driver_RTOS.o
 .text.USART_RXComplete
                0x00000000       0x40 MyDrivers/usart_driver_RTOS.o
 .text.USART_DataRegEmpty
                0x00000000       0x58 MyDrivers/usart_driver_RTOS.o
 .text          0x00000000        0x0 src/ASF/common/services/clock/xmega/sysclk.o
 .bss           0x00000000        0x0 src/ASF/common/services/clock/xmega/sysclk.o
 .text.sysclk_init
                0x00000000       0x20 src/ASF/common/services/clock/xmega/sysclk.o
 .text.sysclk_enable_module
                0x00000000       0x18 src/ASF/common/services/clock/xmega/sysclk.o
 .text.sysclk_disable_module
                0x00000000       0x16 src/ASF/common/services/clock/xmega/sysclk.o
 .text.sysclk_enable_usb
                0x00000000       0x3a src/ASF/common/services/clock/xmega/sysclk.o
 .text.sysclk_disable_usb
                0x00000000       0x14 src/ASF/common/services/clock/xmega/sysclk.o
 .text          0x00000000        0x0 src/ASF/common/services/ioport/xmega/ioport_compat.o
 .bss           0x00000000        0x0 src/ASF/common/services/ioport/xmega/ioport_compat.o
 .text.ioport_configure_port_pin
                0x00000000       0x50 src/ASF/common/services/ioport/xmega/ioport_compat.o
 .text          0x00000000        0x0 src/ASF/xmega/drivers/nvm/nvm.o
 .bss           0x00000000        0x0 src/ASF/xmega/drivers/nvm/nvm.o
 .text.nvm_read_device_serial
                0x00000000       0x90 src/ASF/xmega/drivers/nvm/nvm.o
 .text.nvm_eeprom_read_byte
                0x00000000       0x22 src/ASF/xmega/drivers/nvm/nvm.o
 .text.nvm_eeprom_read_buffer
                0x00000000       0x30 src/ASF/xmega/drivers/nvm/nvm.o
 .text.nvm_eeprom_flush_buffer
                0x00000000       0x24 src/ASF/xmega/drivers/nvm/nvm.o
 .text.nvm_eeprom_load_byte_to_buffer
                0x00000000       0x24 src/ASF/xmega/drivers/nvm/nvm.o
 .text.nvm_eeprom_write_byte
                0x00000000       0x52 src/ASF/xmega/drivers/nvm/nvm.o
 .text.nvm_eeprom_load_page_to_buffer
                0x00000000       0x40 src/ASF/xmega/drivers/nvm/nvm.o
 .text.nvm_eeprom_atomic_write_page
                0x00000000       0x3c src/ASF/xmega/drivers/nvm/nvm.o
 .text.nvm_eeprom_erase_and_write_buffer
                0x00000000       0x88 src/ASF/xmega/drivers/nvm/nvm.o
 .text.nvm_eeprom_split_write_page
                0x00000000       0x3c src/ASF/xmega/drivers/nvm/nvm.o
 .text.nvm_eeprom_fill_buffer_with_value
                0x00000000       0x2a src/ASF/xmega/drivers/nvm/nvm.o
 .text.nvm_eeprom_erase_bytes_in_page
                0x00000000       0x3c src/ASF/xmega/drivers/nvm/nvm.o
 .text.nvm_eeprom_erase_page
                0x00000000       0x14 src/ASF/xmega/drivers/nvm/nvm.o
 .text.nvm_eeprom_erase_bytes_in_all_pages
                0x00000000       0x2e src/ASF/xmega/drivers/nvm/nvm.o
 .text.nvm_eeprom_erase_all
                0x00000000        0xc src/ASF/xmega/drivers/nvm/nvm.o
 .text.nvm_issue_flash_range_crc
                0x00000000       0x5a src/ASF/xmega/drivers/nvm/nvm.o
 .text.nvm_flash_read_buffer
                0x00000000       0x32 src/ASF/xmega/drivers/nvm/nvm.o
 .text.nvm_user_sig_read_buffer
                0x00000000       0x3e src/ASF/xmega/drivers/nvm/nvm.o
 .text.nvm_user_sig_write_buffer
                0x00000000      0x148 src/ASF/xmega/drivers/nvm/nvm.o
 .text.nvm_flash_erase_and_write_buffer
                0x00000000      0x1b8 src/ASF/xmega/drivers/nvm/nvm.o
 .text.nvm_fuses_read
                0x00000000       0x32 src/ASF/xmega/drivers/nvm/nvm.o
 .text          0x00000000        0x0 src/ASF/xmega/drivers/nvm/nvm_asm.o
 .bss           0x00000000        0x0 src/ASF/xmega/drivers/nvm/nvm_asm.o
 .text.nvm_read_byte
                0x00000000       0x14 src/ASF/xmega/drivers/nvm/nvm_asm.o
 .BOOT          0x00000000       0x44 src/ASF/xmega/drivers/nvm/nvm_asm.o
 .text          0x00000000        0x0 src/ASF/xmega/drivers/cpu/ccp.o
 .bss           0x00000000        0x0 src/ASF/xmega/drivers/cpu/ccp.o
 .text.ccp_write_io
                0x00000000        0xc src/ASF/xmega/drivers/cpu/ccp.o
 .text          0x00000000        0x0 c:/program files (x86)/atmel/atmel toolchain/avr8 gcc/native/3.4.1056/avr8-gnu-toolchain/bin/../lib/gcc/avr/4.8.1/avrxmega7\libgcc.a(_exit.o)
 .bss           0x00000000        0x0 c:/program files (x86)/atmel/atmel toolchain/avr8 gcc/native/3.4.1056/avr8-gnu-toolchain/bin/../lib/gcc/avr/4.8.1/avrxmega7\libgcc.a(_exit.o)
 .text.libgcc.mul
                0x00000000        0x0 c:/program files (x86)/atmel/atmel toolchain/avr8 gcc/native/3.4.1056/avr8-gnu-toolchain/bin/../lib/gcc/avr/4.8.1/avrxmega7\libgcc.a(_exit.o)
 .text.libgcc.div
                0x00000000        0x0 c:/program files (x86)/atmel/atmel toolchain/avr8 gcc/native/3.4.1056/avr8-gnu-toolchain/bin/../lib/gcc/avr/4.8.1/avrxmega7\libgcc.a(_exit.o)
 .text.libgcc   0x00000000        0x0 c:/program files (x86)/atmel/atmel toolchain/avr8 gcc/native/3.4.1056/avr8-gnu-toolchain/bin/../lib/gcc/avr/4.8.1/avrxmega7\libgcc.a(_exit.o)
 .text.libgcc.prologue
                0x00000000        0x0 c:/program files (x86)/atmel/atmel toolchain/avr8 gcc/native/3.4.1056/avr8-gnu-toolchain/bin/../lib/gcc/avr/4.8.1/avrxmega7\libgcc.a(_exit.o)
 .text.libgcc.builtins
                0x00000000        0x0 c:/program files (x86)/atmel/atmel toolchain/avr8 gcc/native/3.4.1056/avr8-gnu-toolchain/bin/../lib/gcc/avr/4.8.1/avrxmega7\libgcc.a(_exit.o)
 .text.libgcc.fmul
                0x00000000        0x0 c:/program files (x86)/atmel/atmel toolchain/avr8 gcc/native/3.4.1056/avr8-gnu-toolchain/bin/../lib/gcc/avr/4.8.1/avrxmega7\libgcc.a(_exit.o)
 .text.libgcc.fixed
                0x00000000        0x0 c:/program files (x86)/atmel/atmel toolchain/avr8 gcc/native/3.4.1056/avr8-gnu-toolchain/bin/../lib/gcc/avr/4.8.1/avrxmega7\libgcc.a(_exit.o)
 .text          0x00000000        0x0 c:/program files (x86)/atmel/atmel toolchain/avr8 gcc/native/3.4.1056/avr8-gnu-toolchain/bin/../lib/gcc/avr/4.8.1/avrxmega7\libgcc.a(_copy_data.o)
 .bss           0x00000000        0x0 c:/program files (x86)/atmel/atmel toolchain/avr8 gcc/native/3.4.1056/avr8-gnu-toolchain/bin/../lib/gcc/avr/4.8.1/avrxmega7\libgcc.a(_copy_data.o)
 .text.libgcc.mul
                0x00000000        0x0 c:/program files (x86)/atmel/atmel toolchain/avr8 gcc/native/3.4.1056/avr8-gnu-toolchain/bin/../lib/gcc/avr/4.8.1/avrxmega7\libgcc.a(_copy_data.o)
 .text.libgcc.div
                0x00000000        0x0 c:/program files (x86)/atmel/atmel toolchain/avr8 gcc/native/3.4.1056/avr8-gnu-toolchain/bin/../lib/gcc/avr/4.8.1/avrxmega7\libgcc.a(_copy_data.o)
 .text.libgcc   0x00000000        0x0 c:/program files (x86)/atmel/atmel toolchain/avr8 gcc/native/3.4.1056/avr8-gnu-toolchain/bin/../lib/gcc/avr/4.8.1/avrxmega7\libgcc.a(_copy_data.o)
 .text.libgcc.prologue
                0x00000000        0x0 c:/program files (x86)/atmel/atmel toolchain/avr8 gcc/native/3.4.1056/avr8-gnu-toolchain/bin/../lib/gcc/avr/4.8.1/avrxmega7\libgcc.a(_copy_data.o)
 .text.libgcc.builtins
                0x00000000        0x0 c:/program files (x86)/atmel/atmel toolchain/avr8 gcc/native/3.4.1056/avr8-gnu-toolchain/bin/../lib/gcc/avr/4.8.1/avrxmega7\libgcc.a(_copy_data.o)
 .text.libgcc.fmul
                0x00000000        0x0 c:/program files (x86)/atmel/atmel toolchain/avr8 gcc/native/3.4.1056/avr8-gnu-toolchain/bin/../lib/gcc/avr/4.8.1/avrxmega7\libgcc.a(_copy_data.o)
 .text.libgcc.fixed
                0x00000000        0x0 c:/program files (x86)/atmel/atmel toolchain/avr8 gcc/native/3.4.1056/avr8-gnu-toolchain/bin/../lib/gcc/avr/4.8.1/avrxmega7\libgcc.a(_copy_data.o)
 .text          0x00000000        0x0 c:/program files (x86)/atmel/atmel toolchain/avr8 gcc/native/3.4.1056/avr8-gnu-toolchain/bin/../lib/gcc/avr/4.8.1/avrxmega7\libgcc.a(_clear_bss.o)
 .bss           0x00000000        0x0 c:/program files (x86)/atmel/atmel toolchain/avr8 gcc/native/3.4.1056/avr8-gnu-toolchain/bin/../lib/gcc/avr/4.8.1/avrxmega7\libgcc.a(_clear_bss.o)
 .text.libgcc.mul
                0x00000000        0x0 c:/program files (x86)/atmel/atmel toolchain/avr8 gcc/native/3.4.1056/avr8-gnu-toolchain/bin/../lib/gcc/avr/4.8.1/avrxmega7\libgcc.a(_clear_bss.o)
 .text.libgcc.div
                0x00000000        0x0 c:/program files (x86)/atmel/atmel toolchain/avr8 gcc/native/3.4.1056/avr8-gnu-toolchain/bin/../lib/gcc/avr/4.8.1/avrxmega7\libgcc.a(_clear_bss.o)
 .text.libgcc   0x00000000        0x0 c:/program files (x86)/atmel/atmel toolchain/avr8 gcc/native/3.4.1056/avr8-gnu-toolchain/bin/../lib/gcc/avr/4.8.1/avrxmega7\libgcc.a(_clear_bss.o)
 .text.libgcc.prologue
                0x00000000        0x0 c:/program files (x86)/atmel/atmel toolchain/avr8 gcc/native/3.4.1056/avr8-gnu-toolchain/bin/../lib/gcc/avr/4.8.1/avrxmega7\libgcc.a(_clear_bss.o)
 .text.libgcc.builtins
                0x00000000        0x0 c:/program files (x86)/atmel/atmel toolchain/avr8 gcc/native/3.4.1056/avr8-gnu-toolchain/bin/../lib/gcc/avr/4.8.1/avrxmega7\libgcc.a(_clear_bss.o)
 .text.libgcc.fmul
                0x00000000        0x0 c:/program files (x86)/atmel/atmel toolchain/avr8 gcc/native/3.4.1056/avr8-gnu-toolchain/bin/../lib/gcc/avr/4.8.1/avrxmega7\libgcc.a(_clear_bss.o)
 .text.libgcc.fixed
                0x00000000        0x0 c:/program files (x86)/atmel/atmel toolchain/avr8 gcc/native/3.4.1056/avr8-gnu-toolchain/bin/../lib/gcc/avr/4.8.1/avrxmega7\libgcc.a(_clear_bss.o)
 .text          0x00000000        0x0 c:/program files (x86)/atmel/atmel toolchain/avr8 gcc/native/3.4.1056/avr8-gnu-toolchain/bin/../lib/gcc/avr/4.8.1/../../../../avr/lib/avrxmega7\libc.a(memcpy.o)
 .bss           0x00000000        0x0 c:/program files (x86)/atmel/atmel toolchain/avr8 gcc/native/3.4.1056/avr8-gnu-toolchain/bin/../lib/gcc/avr/4.8.1/../../../../avr/lib/avrxmega7\libc.a(memcpy.o)
 .text          0x00000000        0x0 c:/program files (x86)/atmel/atmel toolchain/avr8 gcc/native/3.4.1056/avr8-gnu-toolchain/bin/../lib/gcc/avr/4.8.1/../../../../avr/lib/avrxmega7\libc.a(memset.o)
 .bss           0x00000000        0x0 c:/program files (x86)/atmel/atmel toolchain/avr8 gcc/native/3.4.1056/avr8-gnu-toolchain/bin/../lib/gcc/avr/4.8.1/../../../../avr/lib/avrxmega7\libc.a(memset.o)
 .text          0x00000000        0x0 c:/program files (x86)/atmel/atmel toolchain/avr8 gcc/native/3.4.1056/avr8-gnu-toolchain/bin/../lib/gcc/avr/4.8.1/../../../../avr/lib/avrxmega7\libc.a(strncpy.o)
 .bss           0x00000000        0x0 c:/program files (x86)/atmel/atmel toolchain/avr8 gcc/native/3.4.1056/avr8-gnu-toolchain/bin/../lib/gcc/avr/4.8.1/../../../../avr/lib/avrxmega7\libc.a(strncpy.o)
 .text          0x00000000        0x0 c:/program files (x86)/atmel/atmel toolchain/avr8 gcc/native/3.4.1056/avr8-gnu-toolchain/bin/../lib/gcc/avr/4.8.1/../../../../avr/lib/avrxmega7\libc.a(itoa.o)
 .bss           0x00000000        0x0 c:/program files (x86)/atmel/atmel toolchain/avr8 gcc/native/3.4.1056/avr8-gnu-toolchain/bin/../lib/gcc/avr/4.8.1/../../../../avr/lib/avrxmega7\libc.a(itoa.o)
 .text.avr-libc
                0x00000000       0x16 c:/program files (x86)/atmel/atmel toolchain/avr8 gcc/native/3.4.1056/avr8-gnu-toolchain/bin/../lib/gcc/avr/4.8.1/../../../../avr/lib/avrxmega7\libc.a(itoa.o)
 .text          0x00000000        0x0 c:/program files (x86)/atmel/atmel toolchain/avr8 gcc/native/3.4.1056/avr8-gnu-toolchain/bin/../lib/gcc/avr/4.8.1/../../../../avr/lib/avrxmega7\libc.a(itoa_ncheck.o)
 .bss           0x00000000        0x0 c:/program files (x86)/atmel/atmel toolchain/avr8 gcc/native/3.4.1056/avr8-gnu-toolchain/bin/../lib/gcc/avr/4.8.1/../../../../avr/lib/avrxmega7\libc.a(itoa_ncheck.o)
 .text.avr-libc
                0x00000000       0x16 c:/program files (x86)/atmel/atmel toolchain/avr8 gcc/native/3.4.1056/avr8-gnu-toolchain/bin/../lib/gcc/avr/4.8.1/../../../../avr/lib/avrxmega7\libc.a(itoa_ncheck.o)
 .text          0x00000000        0x0 c:/program files (x86)/atmel/atmel toolchain/avr8 gcc/native/3.4.1056/avr8-gnu-toolchain/bin/../lib/gcc/avr/4.8.1/../../../../avr/lib/avrxmega7\libc.a(utoa_ncheck.o)
 .bss           0x00000000        0x0 c:/program files (x86)/atmel/atmel toolchain/avr8 gcc/native/3.4.1056/avr8-gnu-toolchain/bin/../lib/gcc/avr/4.8.1/../../../../avr/lib/avrxmega7\libc.a(utoa_ncheck.o)
 .text.avr-libc
                0x00000000       0x34 c:/program files (x86)/atmel/atmel toolchain/avr8 gcc/native/3.4.1056/avr8-gnu-toolchain/bin/../lib/gcc/avr/4.8.1/../../../../avr/lib/avrxmega7\libc.a(utoa_ncheck.o)
 .text          0x00000000        0x0 c:/program files (x86)/atmel/atmel toolchain/avr8 gcc/native/3.4.1056/avr8-gnu-toolchain/bin/../lib/gcc/avr/4.8.1/../../../../avr/lib/avrxmega7\libc.a(strrev.o)
 .bss           0x00000000        0x0 c:/program files (x86)/atmel/atmel toolchain/avr8 gcc/native/3.4.1056/avr8-gnu-toolchain/bin/../lib/gcc/avr/4.8.1/../../../../avr/lib/avrxmega7\libc.a(strrev.o)
 .text.avr-libc
                0x00000000       0x20 c:/program files (x86)/atmel/atmel toolchain/avr8 gcc/native/3.4.1056/avr8-gnu-toolchain/bin/../lib/gcc/avr/4.8.1/../../../../avr/lib/avrxmega7\libc.a(strrev.o)

Memory Configuration

Name             Origin             Length             Attributes
text             0x00000000         0x00100000         xr
data             0x00802000         0x0000ffa0         rw !x
eeprom           0x00810000         0x00010000         rw !x
fuse             0x00820000         0x00000400         rw !x
lock             0x00830000         0x00000400         rw !x
signature        0x00840000         0x00000400         rw !x
user_signatures  0x00850000         0x00000400         rw !x
*default*        0x00000000         0xffffffff

Linker script and memory map

LOAD c:/program files (x86)/atmel/atmel toolchain/avr8 gcc/native/3.4.1056/avr8-gnu-toolchain/bin/../lib/gcc/avr/4.8.1/../../../../avr/lib/avrxmega7/crtx128a4u.o
LOAD FreeRTOS/Port/heap_1.o
LOAD FreeRTOS/Port/port.o
LOAD FreeRTOS/Source/croutine.o
LOAD FreeRTOS/Source/list.o
LOAD FreeRTOS/Source/queue.o
LOAD FreeRTOS/Source/tasks.o
LOAD FreeRTOS/Source/timers.o
LOAD main.o
LOAD MyDrivers/port_driver.o
LOAD MyDrivers/TC_driver.o
LOAD MyDrivers/usart_driver_RTOS.o
LOAD src/ASF/common/services/clock/xmega/sysclk.o
LOAD src/ASF/common/services/ioport/xmega/ioport_compat.o
LOAD src/ASF/xmega/drivers/nvm/nvm.o
LOAD src/ASF/xmega/drivers/nvm/nvm_asm.o
LOAD src/ASF/xmega/drivers/cpu/ccp.o
START GROUP
LOAD c:/program files (x86)/atmel/atmel toolchain/avr8 gcc/native/3.4.1056/avr8-gnu-toolchain/bin/../lib/gcc/avr/4.8.1/../../../../avr/lib/avrxmega7\libm.a
END GROUP
START GROUP
LOAD c:/program files (x86)/atmel/atmel toolchain/avr8 gcc/native/3.4.1056/avr8-gnu-toolchain/bin/../lib/gcc/avr/4.8.1/avrxmega7\libgcc.a
LOAD c:/program files (x86)/atmel/atmel toolchain/avr8 gcc/native/3.4.1056/avr8-gnu-toolchain/bin/../lib/gcc/avr/4.8.1/../../../../avr/lib/avrxmega7\libm.a
LOAD c:/program files (x86)/atmel/atmel toolchain/avr8 gcc/native/3.4.1056/avr8-gnu-toolchain/bin/../lib/gcc/avr/4.8.1/../../../../avr/lib/avrxmega7\libc.a
END GROUP

.hash
 *(.hash)

.dynsym
 *(.dynsym)

.dynstr
 *(.dynstr)

.gnu.version
 *(.gnu.version)

.gnu.version_d
 *(.gnu.version_d)

.gnu.version_r
 *(.gnu.version_r)

.rel.init
 *(.rel.init)

.rela.init
 *(.rela.init)

.rel.text
 *(.rel.text)
 *(.rel.text.*)
 *(.rel.gnu.linkonce.t*)

.rela.text
 *(.rela.text)
 *(.rela.text.*)
 *(.rela.gnu.linkonce.t*)

.rel.fini
 *(.rel.fini)

.rela.fini
 *(.rela.fini)

.rel.rodata
 *(.rel.rodata)
 *(.rel.rodata.*)
 *(.rel.gnu.linkonce.r*)

.rela.rodata
 *(.rela.rodata)
 *(.rela.rodata.*)
 *(.rela.gnu.linkonce.r*)

.rel.data
 *(.rel.data)
 *(.rel.data.*)
 *(.rel.gnu.linkonce.d*)

.rela.data
 *(.rela.data)
 *(.rela.data.*)
 *(.rela.gnu.linkonce.d*)

.rel.ctors
 *(.rel.ctors)

.rela.ctors
 *(.rela.ctors)

.rel.dtors
 *(.rel.dtors)

.rela.dtors
 *(.rela.dtors)

.rel.got
 *(.rel.got)

.rela.got
 *(.rela.got)

.rel.bss
 *(.rel.bss)

.rela.bss
 *(.rela.bss)

.rel.plt
 *(.rel.plt)

.rela.plt
 *(.rela.plt)

.text           0x00000000     0x20c0
 *(.vectors)
 .vectors       0x00000000      0x1fc c:/program files (x86)/atmel/atmel toolchain/avr8 gcc/native/3.4.1056/avr8-gnu-toolchain/bin/../lib/gcc/avr/4.8.1/../../../../avr/lib/avrxmega7/crtx128a4u.o
                0x00000000                __vector_default
                0x00000000                __vectors
 *(.vectors)
 *(.progmem.gcc*)
                0x000001fc                . = ALIGN (0x2)
                0x000001fc                __trampolines_start = .
 *(.trampolines)
 .trampolines   0x000001fc        0x0 linker stubs
 *(.trampolines*)
                0x000001fc                __trampolines_end = .
 *(.progmem*)
                0x000001fc                . = ALIGN (0x2)
 *(.jumptables)
 *(.jumptables*)
 *(.lowtext)
 *(.lowtext*)
                0x000001fc                __ctors_start = .
 *(.ctors)
                0x000001fc                __ctors_end = .
                0x000001fc                __dtors_start = .
 *(.dtors)
                0x000001fc                __dtors_end = .
 SORT(*)(.ctors)
 SORT(*)(.dtors)
 *(.init0)
 .init0         0x000001fc        0x0 c:/program files (x86)/atmel/atmel toolchain/avr8 gcc/native/3.4.1056/avr8-gnu-toolchain/bin/../lib/gcc/avr/4.8.1/../../../../avr/lib/avrxmega7/crtx128a4u.o
                0x000001fc                __init
 *(.init0)
 *(.init1)
 *(.init1)
 *(.init2)
 .init2         0x000001fc       0x18 c:/program files (x86)/atmel/atmel toolchain/avr8 gcc/native/3.4.1056/avr8-gnu-toolchain/bin/../lib/gcc/avr/4.8.1/../../../../avr/lib/avrxmega7/crtx128a4u.o
 *(.init2)
 *(.init3)
 *(.init3)
 *(.init4)
 .init4         0x00000214       0x1c c:/program files (x86)/atmel/atmel toolchain/avr8 gcc/native/3.4.1056/avr8-gnu-toolchain/bin/../lib/gcc/avr/4.8.1/avrxmega7\libgcc.a(_copy_data.o)
                0x00000214                __do_copy_data
 .init4         0x00000230       0x10 c:/program files (x86)/atmel/atmel toolchain/avr8 gcc/native/3.4.1056/avr8-gnu-toolchain/bin/../lib/gcc/avr/4.8.1/avrxmega7\libgcc.a(_clear_bss.o)
                0x00000230                __do_clear_bss
 *(.init4)
 *(.init5)
 *(.init5)
 *(.init6)
 *(.init6)
 *(.init7)
 *(.init7)
 *(.init8)
 *(.init8)
 *(.init9)
 .init9         0x00000240        0x8 c:/program files (x86)/atmel/atmel toolchain/avr8 gcc/native/3.4.1056/avr8-gnu-toolchain/bin/../lib/gcc/avr/4.8.1/../../../../avr/lib/avrxmega7/crtx128a4u.o
 *(.init9)
 *(.text)
 .text          0x00000248        0x2 c:/program files (x86)/atmel/atmel toolchain/avr8 gcc/native/3.4.1056/avr8-gnu-toolchain/bin/../lib/gcc/avr/4.8.1/../../../../avr/lib/avrxmega7/crtx128a4u.o
                0x00000248                __vector_38
                0x00000248                __vector_104
                0x00000248                __vector_22
                0x00000248                __vector_63
                0x00000248                __vector_28
                0x00000248                __vector_67
                0x00000248                __vector_1
                0x00000248                __vector_119
                0x00000248                __vector_32
                0x00000248                __vector_75
                0x00000248                __vector_71
                0x00000248                __vector_91
                0x00000248                __vector_34
                0x00000248                __vector_62
                0x00000248                __vector_77
                0x00000248                __vector_102
                0x00000248                __vector_24
                0x00000248                __vector_12
                0x00000248                __vector_55
                0x00000248                __vector_69
                0x00000248                __vector_81
                0x00000248                __vector_90
                0x00000248                __vector_46
                0x00000248                __bad_interrupt
                0x00000248                __vector_122
                0x00000248                __vector_72
                0x00000248                __vector_114
                0x00000248                __vector_6
                0x00000248                __vector_110
                0x00000248                __vector_31
                0x00000248                __vector_92
                0x00000248                __vector_35
                0x00000248                __vector_78
                0x00000248                __vector_74
                0x00000248                __vector_117
                0x00000248                __vector_39
                0x00000248                __vector_107
                0x00000248                __vector_3
                0x00000248                __vector_105
                0x00000248                __vector_98
                0x00000248                __vector_23
                0x00000248                __vector_68
                0x00000248                __vector_30
                0x00000248                __vector_73
                0x00000248                __vector_45
                0x00000248                __vector_93
                0x00000248                __vector_61
                0x00000248                __vector_11
                0x00000248                __vector_54
                0x00000248                __vector_99
                0x00000248                __vector_13
                0x00000248                __vector_17
                0x00000248                __vector_19
                0x00000248                __vector_56
                0x00000248                __vector_7
                0x00000248                __vector_125
                0x00000248                __vector_49
                0x00000248                __vector_123
                0x00000248                __vector_41
                0x00000248                __vector_86
                0x00000248                __vector_100
                0x00000248                __vector_101
                0x00000248                __vector_64
                0x00000248                __vector_109
                0x00000248                __vector_43
                0x00000248                __vector_27
                0x00000248                __vector_5
                0x00000248                __vector_113
                0x00000248                __vector_33
                0x00000248                __vector_76
                0x00000248                __vector_115
                0x00000248                __vector_47
                0x00000248                __vector_52
                0x00000248                __vector_37
                0x00000248                __vector_95
                0x00000248                __vector_103
                0x00000248                __vector_96
                0x00000248                __vector_108
                0x00000248                __vector_4
                0x00000248                __vector_44
                0x00000248                __vector_82
                0x00000248                __vector_106
                0x00000248                __vector_118
                0x00000248                __vector_51
                0x00000248                __vector_9
                0x00000248                __vector_2
                0x00000248                __vector_21
                0x00000248                __vector_15
                0x00000248                __vector_66
                0x00000248                __vector_36
                0x00000248                __vector_79
                0x00000248                __vector_70
                0x00000248                __vector_83
                0x00000248                __vector_29
                0x00000248                __vector_60
                0x00000248                __vector_121
                0x00000248                __vector_40
                0x00000248                __vector_85
                0x00000248                __vector_94
                0x00000248                __vector_126
                0x00000248                __vector_8
                0x00000248                __vector_48
                0x00000248                __vector_124
                0x00000248                __vector_116
                0x00000248                __vector_112
                0x00000248                __vector_111
                0x00000248                __vector_80
                0x00000248                __vector_84
                0x00000248                __vector_57
                0x00000248                __vector_53
                0x00000248                __vector_10
                0x00000248                __vector_50
                0x00000248                __vector_16
                0x00000248                __vector_18
                0x00000248                __vector_97
                0x00000248                __vector_20
                0x00000248                __vector_42
                0x00000248                __vector_87
                0x00000248                __vector_65
                0x00000248                __vector_120
                0x0000024a                . = ALIGN (0x2)
 *(.text.*)
 .text.pvPortMalloc
                0x0000024a       0x48 FreeRTOS/Port/heap_1.o
                0x0000024a                pvPortMalloc
 .text.vPortFree
                0x00000292        0x2 FreeRTOS/Port/heap_1.o
                0x00000292                vPortFree
 .text.pxPortInitialiseStack
                0x00000294       0xdc FreeRTOS/Port/port.o
                0x00000294                pxPortInitialiseStack
 .text.xPortStartScheduler
                0x00000370       0x84 FreeRTOS/Port/port.o
                0x00000370                xPortStartScheduler
 .text.vPortYield
                0x000003f4       0xb0 FreeRTOS/Port/port.o
                0x000003f4                vPortYield
 .text.__vector_14
                0x000004a4       0xb2 FreeRTOS/Port/port.o
                0x000004a4                __vector_14
 .text.vListInitialise
                0x00000556       0x1c FreeRTOS/Source/list.o
                0x00000556                vListInitialise
 .text.vListInitialiseItem
                0x00000572        0x8 FreeRTOS/Source/list.o
                0x00000572                vListInitialiseItem
 .text.vListInsertEnd
                0x0000057a       0x4e FreeRTOS/Source/list.o
                0x0000057a                vListInsertEnd
 .text.vListInsert
                0x000005c8       0x76 FreeRTOS/Source/list.o
                0x000005c8                vListInsert
 .text.vListRemove
                0x0000063e       0x4c FreeRTOS/Source/list.o
                0x0000063e                vListRemove
 .text.prvCopyDataToQueue
                0x0000068a       0x96 FreeRTOS/Source/queue.o
 .text.prvCopyDataFromQueue
                0x00000720       0x34 FreeRTOS/Source/queue.o
 .text.prvUnlockQueue
                0x00000754       0x88 FreeRTOS/Source/queue.o
 .text.xQueueCreate
                0x000007dc       0x98 FreeRTOS/Source/queue.o
                0x000007dc                xQueueCreate
 .text.xQueueGenericSend
                0x00000874      0x110 FreeRTOS/Source/queue.o
                0x00000874                xQueueGenericSend
 .text.xQueueGenericSendFromISR
                0x00000984       0x54 FreeRTOS/Source/queue.o
                0x00000984                xQueueGenericSendFromISR
 .text.xQueueGenericReceive
                0x000009d8      0x15c FreeRTOS/Source/queue.o
                0x000009d8                xQueueGenericReceive
 .text.xQueueReceiveFromISR
                0x00000b34       0x56 FreeRTOS/Source/queue.o
                0x00000b34                xQueueReceiveFromISR
 .text.vQueueWaitForMessageRestricted
                0x00000b8a       0x36 FreeRTOS/Source/queue.o
                0x00000b8a                vQueueWaitForMessageRestricted
 .text.prvIdleTask
                0x00000bc0        0xe FreeRTOS/Source/tasks.o
 .text.prvAddCurrentTaskToDelayedList
                0x00000bce       0x6a FreeRTOS/Source/tasks.o
 .text.xTaskGenericCreate
                0x00000c38      0x1ea FreeRTOS/Source/tasks.o
                0x00000c38                xTaskGenericCreate
 .text.vTaskStartScheduler
                0x00000e22       0x58 FreeRTOS/Source/tasks.o
                0x00000e22                vTaskStartScheduler
 .text.vTaskSuspendAll
                0x00000e7a        0xc FreeRTOS/Source/tasks.o
                0x00000e7a                vTaskSuspendAll
 .text.xTaskGetTickCount
                0x00000e86       0x14 FreeRTOS/Source/tasks.o
                0x00000e86                xTaskGetTickCount
 .text.vTaskIncrementTick
                0x00000e9a      0x182 FreeRTOS/Source/tasks.o
                0x00000e9a                vTaskIncrementTick
 .text.xTaskResumeAll
                0x0000101c      0x110 FreeRTOS/Source/tasks.o
                0x0000101c                xTaskResumeAll
 .text.vTaskDelay
                0x0000112c       0x36 FreeRTOS/Source/tasks.o
                0x0000112c                vTaskDelay
 .text.vTaskSwitchContext
                0x00001162       0xba FreeRTOS/Source/tasks.o
                0x00001162                vTaskSwitchContext
 .text.vTaskPlaceOnEventList
                0x0000121c       0x50 FreeRTOS/Source/tasks.o
                0x0000121c                vTaskPlaceOnEventList
 .text.vTaskPlaceOnEventListRestricted
                0x0000126c       0x34 FreeRTOS/Source/tasks.o
                0x0000126c                vTaskPlaceOnEventListRestricted
 .text.xTaskRemoveFromEventList
                0x000012a0       0x82 FreeRTOS/Source/tasks.o
                0x000012a0                xTaskRemoveFromEventList
 .text.vTaskSetTimeOutState
                0x00001322       0x16 FreeRTOS/Source/tasks.o
                0x00001322                vTaskSetTimeOutState
 .text.xTaskCheckForTimeOut
                0x00001338       0x7c FreeRTOS/Source/tasks.o
                0x00001338                xTaskCheckForTimeOut
 .text.vTaskMissedYield
                0x000013b4        0x8 FreeRTOS/Source/tasks.o
                0x000013b4                vTaskMissedYield
 .text.xTaskGetCurrentTaskHandle
                0x000013bc        0xa FreeRTOS/Source/tasks.o
                0x000013bc                xTaskGetCurrentTaskHandle
 .text.xTaskGetSchedulerState
                0x000013c6       0x1c FreeRTOS/Source/tasks.o
                0x000013c6                xTaskGetSchedulerState
 .text.vTaskPriorityInherit
                0x000013e2       0xaa FreeRTOS/Source/tasks.o
                0x000013e2                vTaskPriorityInherit
 .text.vTaskPriorityDisinherit
                0x0000148c       0x62 FreeRTOS/Source/tasks.o
                0x0000148c                vTaskPriorityDisinherit
 .text.prvInsertTimerInActiveList
                0x000014ee       0x5a FreeRTOS/Source/timers.o
 .text.prvCheckForValidListAndQueue
                0x00001548       0x4e FreeRTOS/Source/timers.o
 .text.xTimerCreateTimerTask
                0x00001596       0x50 FreeRTOS/Source/timers.o
                0x00001596                xTimerCreateTimerTask
 .text.xTimerGenericCommand
                0x000015e6       0x84 FreeRTOS/Source/timers.o
                0x000015e6                xTimerGenericCommand
 .text.prvSampleTimeNow
                0x0000166a       0xe0 FreeRTOS/Source/timers.o
 .text.prvTimerTask
                0x0000174a      0x198 FreeRTOS/Source/timers.o
 .text.blink1   0x000018e2       0x10 main.o
                0x000018e2                blink1
 .text.blink2   0x000018f2       0x10 main.o
                0x000018f2                blink2
 .text.uartLoopBack
                0x00001902       0x3e main.o
                0x00001902                uartLoopBack
 .text.EnableInter32MhzOsc
                0x00001940       0x20 main.o
                0x00001940                EnableInter32MhzOsc
 .text.main     0x00001960       0x76 main.o
                0x00001960                main
 .text.PORT_ConfigurePins
                0x000019d6       0x32 MyDrivers/port_driver.o
                0x000019d6                PORT_ConfigurePins
 .text.TC0_ConfigClockSource
                0x00001a08        0xc MyDrivers/TC_driver.o
                0x00001a08                TC0_ConfigClockSource
 .text.TC0_SetOverflowIntLevel
                0x00001a14        0xc MyDrivers/TC_driver.o
                0x00001a14                TC0_SetOverflowIntLevel
 .text.__vector_25
                0x00001a20       0xb0 MyDrivers/usart_driver_RTOS.o
                0x00001a20                __vector_25
 .text.__vector_88
                0x00001ad0       0xb0 MyDrivers/usart_driver_RTOS.o
                0x00001ad0                __vector_88
 .text.__vector_58
                0x00001b80       0xb0 MyDrivers/usart_driver_RTOS.o
                0x00001b80                __vector_58
 .text.__vector_26
                0x00001c30       0xc6 MyDrivers/usart_driver_RTOS.o
                0x00001c30                __vector_26
 .text.__vector_89
                0x00001cf6       0xc6 MyDrivers/usart_driver_RTOS.o
                0x00001cf6                __vector_89
 .text.__vector_59
                0x00001dbc       0xc6 MyDrivers/usart_driver_RTOS.o
                0x00001dbc                __vector_59
 .text.usartBufferInitialize
                0x00001e82      0x16e MyDrivers/usart_driver_RTOS.o
                0x00001e82                usartBufferInitialize
 .text.usartBufferPutByte
                0x00001ff0       0x4c MyDrivers/usart_driver_RTOS.o
                0x00001ff0                usartBufferPutByte
 .text.usartBufferGetByte
                0x0000203c        0xe MyDrivers/usart_driver_RTOS.o
                0x0000203c                usartBufferGetByte
 .text.usartBufferPutString
                0x0000204a       0x34 MyDrivers/usart_driver_RTOS.o
                0x0000204a                usartBufferPutString
 .text.avr-libc
                0x0000207e       0x12 c:/program files (x86)/atmel/atmel toolchain/avr8 gcc/native/3.4.1056/avr8-gnu-toolchain/bin/../lib/gcc/avr/4.8.1/../../../../avr/lib/avrxmega7\libc.a(memcpy.o)
                0x0000207e                memcpy
 .text.avr-libc
                0x00002090        0xe c:/program files (x86)/atmel/atmel toolchain/avr8 gcc/native/3.4.1056/avr8-gnu-toolchain/bin/../lib/gcc/avr/4.8.1/../../../../avr/lib/avrxmega7\libc.a(memset.o)
                0x00002090                memset
 .text.avr-libc
                0x0000209e       0x1e c:/program files (x86)/atmel/atmel toolchain/avr8 gcc/native/3.4.1056/avr8-gnu-toolchain/bin/../lib/gcc/avr/4.8.1/../../../../avr/lib/avrxmega7\libc.a(strncpy.o)
                0x0000209e                strncpy
                0x000020bc                . = ALIGN (0x2)
 *(.fini9)
 .fini9         0x000020bc        0x0 c:/program files (x86)/atmel/atmel toolchain/avr8 gcc/native/3.4.1056/avr8-gnu-toolchain/bin/../lib/gcc/avr/4.8.1/avrxmega7\libgcc.a(_exit.o)
                0x000020bc                _exit
                0x000020bc                exit
 *(.fini9)
 *(.fini8)
 *(.fini8)
 *(.fini7)
 *(.fini7)
 *(.fini6)
 *(.fini6)
 *(.fini5)
 *(.fini5)
 *(.fini4)
 *(.fini4)
 *(.fini3)
 *(.fini3)
 *(.fini2)
 *(.fini2)
 *(.fini1)
 *(.fini1)
 *(.fini0)
 .fini0         0x000020bc        0x4 c:/program files (x86)/atmel/atmel toolchain/avr8 gcc/native/3.4.1056/avr8-gnu-toolchain/bin/../lib/gcc/avr/4.8.1/avrxmega7\libgcc.a(_exit.o)
 *(.fini0)
                0x000020c0                _etext = .

.data           0x00802000       0x32 load address 0x000020c0
                0x00802000                PROVIDE (__data_start, .)
 *(.data)
 .data          0x00802000        0x0 c:/program files (x86)/atmel/atmel toolchain/avr8 gcc/native/3.4.1056/avr8-gnu-toolchain/bin/../lib/gcc/avr/4.8.1/../../../../avr/lib/avrxmega7/crtx128a4u.o
 .data          0x00802000        0x0 FreeRTOS/Port/heap_1.o
 .data          0x00802000        0x0 FreeRTOS/Port/port.o
 .data          0x00802000        0x0 FreeRTOS/Source/croutine.o
 .data          0x00802000        0x0 FreeRTOS/Source/list.o
 .data          0x00802000        0x0 FreeRTOS/Source/queue.o
 .data          0x00802000        0x0 FreeRTOS/Source/tasks.o
 .data          0x00802000        0x0 FreeRTOS/Source/timers.o
 .data          0x00802000        0x0 main.o
 .data          0x00802000        0x0 MyDrivers/port_driver.o
 .data          0x00802000        0x0 MyDrivers/TC_driver.o
 .data          0x00802000        0x0 MyDrivers/usart_driver_RTOS.o
 .data          0x00802000        0x0 src/ASF/common/services/clock/xmega/sysclk.o
 .data          0x00802000        0x0 src/ASF/common/services/ioport/xmega/ioport_compat.o
 .data          0x00802000        0x0 src/ASF/xmega/drivers/nvm/nvm.o
 .data          0x00802000        0x0 src/ASF/xmega/drivers/nvm/nvm_asm.o
 .data          0x00802000        0x0 src/ASF/xmega/drivers/cpu/ccp.o
 .data          0x00802000        0x0 c:/program files (x86)/atmel/atmel toolchain/avr8 gcc/native/3.4.1056/avr8-gnu-toolchain/bin/../lib/gcc/avr/4.8.1/avrxmega7\libgcc.a(_exit.o)
 .data          0x00802000        0x0 c:/program files (x86)/atmel/atmel toolchain/avr8 gcc/native/3.4.1056/avr8-gnu-toolchain/bin/../lib/gcc/avr/4.8.1/avrxmega7\libgcc.a(_copy_data.o)
 .data          0x00802000        0x0 c:/program files (x86)/atmel/atmel toolchain/avr8 gcc/native/3.4.1056/avr8-gnu-toolchain/bin/../lib/gcc/avr/4.8.1/avrxmega7\libgcc.a(_clear_bss.o)
 .data          0x00802000        0x0 c:/program files (x86)/atmel/atmel toolchain/avr8 gcc/native/3.4.1056/avr8-gnu-toolchain/bin/../lib/gcc/avr/4.8.1/../../../../avr/lib/avrxmega7\libc.a(memcpy.o)
 .data          0x00802000        0x0 c:/program files (x86)/atmel/atmel toolchain/avr8 gcc/native/3.4.1056/avr8-gnu-toolchain/bin/../lib/gcc/avr/4.8.1/../../../../avr/lib/avrxmega7\libc.a(memset.o)
 .data          0x00802000        0x0 c:/program files (x86)/atmel/atmel toolchain/avr8 gcc/native/3.4.1056/avr8-gnu-toolchain/bin/../lib/gcc/avr/4.8.1/../../../../avr/lib/avrxmega7\libc.a(strncpy.o)
 .data          0x00802000        0x0 c:/program files (x86)/atmel/atmel toolchain/avr8 gcc/native/3.4.1056/avr8-gnu-toolchain/bin/../lib/gcc/avr/4.8.1/../../../../avr/lib/avrxmega7\libc.a(itoa.o)
 .data          0x00802000        0x0 c:/program files (x86)/atmel/atmel toolchain/avr8 gcc/native/3.4.1056/avr8-gnu-toolchain/bin/../lib/gcc/avr/4.8.1/../../../../avr/lib/avrxmega7\libc.a(itoa_ncheck.o)
 .data          0x00802000        0x0 c:/program files (x86)/atmel/atmel toolchain/avr8 gcc/native/3.4.1056/avr8-gnu-toolchain/bin/../lib/gcc/avr/4.8.1/../../../../avr/lib/avrxmega7\libc.a(utoa_ncheck.o)
 .data          0x00802000        0x0 c:/program files (x86)/atmel/atmel toolchain/avr8 gcc/native/3.4.1056/avr8-gnu-toolchain/bin/../lib/gcc/avr/4.8.1/../../../../avr/lib/avrxmega7\libc.a(strrev.o)
 *(.data*)
 .data.xNextTaskUnblockTime
                0x00802000        0x2 FreeRTOS/Source/tasks.o
 *(.rodata)
 *(.rodata*)
 .rodata.str1.1
                0x00802002        0x5 FreeRTOS/Source/tasks.o
 .rodata.str1.1
                0x00802007        0x8 FreeRTOS/Source/timers.o
 .rodata.str1.1
                0x0080200f       0x23 main.o
 *(.gnu.linkonce.d*)
                0x00802032                . = ALIGN (0x2)
                0x00802032                _edata = .
                0x00802032                PROVIDE (__data_end, .)

.bss            0x00802032     0x17ed
                0x00802032                PROVIDE (__bss_start, .)
 *(.bss)
 *(.bss*)
 .bss.xNextFreeByte
                0x00802032        0x2 FreeRTOS/Port/heap_1.o
 .bss.xHeap     0x00802034     0x1770 FreeRTOS/Port/heap_1.o
 .bss.uxTaskNumber
                0x008037a4        0x1 FreeRTOS/Source/tasks.o
 .bss.xNumOfOverflows
                0x008037a5        0x1 FreeRTOS/Source/tasks.o
 .bss.xMissedYield
                0x008037a6        0x1 FreeRTOS/Source/tasks.o
 .bss.uxMissedTicks
                0x008037a7        0x1 FreeRTOS/Source/tasks.o
 .bss.uxSchedulerSuspended
                0x008037a8        0x1 FreeRTOS/Source/tasks.o
 .bss.xSchedulerRunning
                0x008037a9        0x1 FreeRTOS/Source/tasks.o
 .bss.uxTopReadyPriority
                0x008037aa        0x1 FreeRTOS/Source/tasks.o
 .bss.uxTopUsedPriority
                0x008037ab        0x1 FreeRTOS/Source/tasks.o
 .bss.xTickCount
                0x008037ac        0x2 FreeRTOS/Source/tasks.o
 .bss.uxCurrentNumberOfTasks
                0x008037ae        0x1 FreeRTOS/Source/tasks.o
 .bss.xSuspendedTaskList
                0x008037af        0x9 FreeRTOS/Source/tasks.o
 .bss.xPendingReadyList
                0x008037b8        0x9 FreeRTOS/Source/tasks.o
 .bss.pxOverflowDelayedTaskList
                0x008037c1        0x2 FreeRTOS/Source/tasks.o
 .bss.pxDelayedTaskList
                0x008037c3        0x2 FreeRTOS/Source/tasks.o
 .bss.xDelayedTaskList2
                0x008037c5        0x9 FreeRTOS/Source/tasks.o
 .bss.xDelayedTaskList1
                0x008037ce        0x9 FreeRTOS/Source/tasks.o
 .bss.pxReadyTasksLists
                0x008037d7       0x24 FreeRTOS/Source/tasks.o
 .bss.pxCurrentTCB
                0x008037fb        0x2 FreeRTOS/Source/tasks.o
                0x008037fb                pxCurrentTCB
 .bss.xLastTime.4385
                0x008037fd        0x2 FreeRTOS/Source/timers.o
 .bss.xTimerQueue
                0x008037ff        0x2 FreeRTOS/Source/timers.o
 .bss.pxOverflowTimerList
                0x00803801        0x2 FreeRTOS/Source/timers.o
 .bss.pxCurrentTimerList
                0x00803803        0x2 FreeRTOS/Source/timers.o
 .bss.xActiveTimerList2
                0x00803805        0x9 FreeRTOS/Source/timers.o
 .bss.xActiveTimerList1
                0x0080380e        0x9 FreeRTOS/Source/timers.o
 *(COMMON)
 COMMON         0x00803817        0x8 MyDrivers/usart_driver_RTOS.o
                0x00803817                usartBufferF
                0x00803819                usartBufferE
                0x0080381b                usartBufferD
                0x0080381d                usartBufferC
                0x0080381f                PROVIDE (__bss_end, .)
                0x000020c0                __data_load_start = LOADADDR (.data)
                0x000020f2                __data_load_end = (__data_load_start + SIZEOF (.data))

.noinit         0x0080381f        0x0
                0x0080381f                PROVIDE (__noinit_start, .)
 *(.noinit*)
                0x0080381f                PROVIDE (__noinit_end, .)
                0x0080381f                _end = .
                0x0080381f                PROVIDE (__heap_start, .)

.eeprom         0x00810000        0x0
 *(.eeprom*)
                0x00810000                __eeprom_end = .

.fuse
 *(.fuse)
 *(.lfuse)
 *(.hfuse)
 *(.efuse)

.lock
 *(.lock*)

.signature
 *(.signature*)

.user_signatures
 *(.user_signatures*)

.stab
 *(.stab)

.stabstr
 *(.stabstr)

.stab.excl
 *(.stab.excl)

.stab.exclstr
 *(.stab.exclstr)

.stab.index
 *(.stab.index)

.stab.indexstr
 *(.stab.indexstr)

.comment        0x00000000       0x30
 *(.comment)
 .comment       0x00000000       0x30 FreeRTOS/Port/heap_1.o
                                 0x31 (size before relaxing)
 .comment       0x00000000       0x31 FreeRTOS/Port/port.o
 .comment       0x00000000       0x31 FreeRTOS/Source/croutine.o
 .comment       0x00000000       0x31 FreeRTOS/Source/list.o
 .comment       0x00000000       0x31 FreeRTOS/Source/queue.o
 .comment       0x00000000       0x31 FreeRTOS/Source/tasks.o
 .comment       0x00000000       0x31 FreeRTOS/Source/timers.o
 .comment       0x00000000       0x31 main.o
 .comment       0x00000000       0x31 MyDrivers/port_driver.o
 .comment       0x00000000       0x31 MyDrivers/TC_driver.o
 .comment       0x00000000       0x31 MyDrivers/usart_driver_RTOS.o
 .comment       0x00000000       0x31 src/ASF/common/services/clock/xmega/sysclk.o
 .comment       0x00000000       0x31 src/ASF/common/services/ioport/xmega/ioport_compat.o
 .comment       0x00000000       0x31 src/ASF/xmega/drivers/nvm/nvm.o

.note.gnu.build-id
 *(.note.gnu.build-id)

.debug
 *(.debug)

.line
 *(.line)

.debug_srcinfo
 *(.debug_srcinfo)

.debug_sfnames
 *(.debug_sfnames)

.debug_aranges  0x00000000      0x610
 *(.debug_aranges)
 .debug_aranges
                0x00000000       0x38 FreeRTOS/Port/heap_1.o
 .debug_aranges
                0x00000038       0x40 FreeRTOS/Port/port.o
 .debug_aranges
                0x00000078       0x38 FreeRTOS/Source/croutine.o
 .debug_aranges
                0x000000b0       0x40 FreeRTOS/Source/list.o
 .debug_aranges
                0x000000f0       0x90 FreeRTOS/Source/queue.o
 .debug_aranges
                0x00000180      0x100 FreeRTOS/Source/tasks.o
 .debug_aranges
                0x00000280       0x60 FreeRTOS/Source/timers.o
 .debug_aranges
                0x000002e0       0x40 main.o
 .debug_aranges
                0x00000320       0x30 MyDrivers/port_driver.o
 .debug_aranges
                0x00000350       0xc8 MyDrivers/TC_driver.o
 .debug_aranges
                0x00000418       0x90 MyDrivers/usart_driver_RTOS.o
 .debug_aranges
                0x000004a8       0x40 src/ASF/common/services/clock/xmega/sysclk.o
 .debug_aranges
                0x000004e8       0x20 src/ASF/common/services/ioport/xmega/ioport_compat.o
 .debug_aranges
                0x00000508       0xc0 src/ASF/xmega/drivers/nvm/nvm.o
 .debug_aranges
                0x000005c8       0x28 src/ASF/xmega/drivers/nvm/nvm_asm.o
 .debug_aranges
                0x000005f0       0x20 src/ASF/xmega/drivers/cpu/ccp.o

.debug_pubnames
 *(.debug_pubnames)

.debug_info     0x00000000     0x9867
 *(.debug_info .gnu.linkonce.wi.*)
 .debug_info    0x00000000      0x1a5 FreeRTOS/Port/heap_1.o
 .debug_info    0x000001a5      0xa21 FreeRTOS/Port/port.o
 .debug_info    0x00000bc6      0x781 FreeRTOS/Source/croutine.o
 .debug_info    0x00001347      0x2c8 FreeRTOS/Source/list.o
 .debug_info    0x0000160f      0xe12 FreeRTOS/Source/queue.o
 .debug_info    0x00002421     0x157f FreeRTOS/Source/tasks.o
 .debug_info    0x000039a0      0xf03 FreeRTOS/Source/timers.o
 .debug_info    0x000048a3      0xbbf main.o
 .debug_info    0x00005462      0x48c MyDrivers/port_driver.o
 .debug_info    0x000058ee     0x1315 MyDrivers/TC_driver.o
 .debug_info    0x00006c03      0xf8d MyDrivers/usart_driver_RTOS.o
 .debug_info    0x00007b90      0x6f8 src/ASF/common/services/clock/xmega/sysclk.o
 .debug_info    0x00008288      0x119 src/ASF/common/services/ioport/xmega/ioport_compat.o
 .debug_info    0x000083a1     0x13c2 src/ASF/xmega/drivers/nvm/nvm.o
 .debug_info    0x00009763       0x82 src/ASF/xmega/drivers/nvm/nvm_asm.o
 .debug_info    0x000097e5       0x82 src/ASF/xmega/drivers/cpu/ccp.o

.debug_abbrev   0x00000000     0x1e8e
 *(.debug_abbrev)
 .debug_abbrev  0x00000000      0x148 FreeRTOS/Port/heap_1.o
 .debug_abbrev  0x00000148      0x210 FreeRTOS/Port/port.o
 .debug_abbrev  0x00000358      0x261 FreeRTOS/Source/croutine.o
 .debug_abbrev  0x000005b9       0xf6 FreeRTOS/Source/list.o
 .debug_abbrev  0x000006af      0x295 FreeRTOS/Source/queue.o
 .debug_abbrev  0x00000944      0x329 FreeRTOS/Source/tasks.o
 .debug_abbrev  0x00000c6d      0x2f9 FreeRTOS/Source/timers.o
 .debug_abbrev  0x00000f66      0x2a7 main.o
 .debug_abbrev  0x0000120d      0x118 MyDrivers/port_driver.o
 .debug_abbrev  0x00001325      0x176 MyDrivers/TC_driver.o
 .debug_abbrev  0x0000149b      0x30a MyDrivers/usart_driver_RTOS.o
 .debug_abbrev  0x000017a5      0x258 src/ASF/common/services/clock/xmega/sysclk.o
 .debug_abbrev  0x000019fd       0x90 src/ASF/common/services/ioport/xmega/ioport_compat.o
 .debug_abbrev  0x00001a8d      0x3db src/ASF/xmega/drivers/nvm/nvm.o
 .debug_abbrev  0x00001e68       0x12 src/ASF/xmega/drivers/nvm/nvm_asm.o
 .debug_abbrev  0x00001e7a       0x14 src/ASF/xmega/drivers/cpu/ccp.o

.debug_line     0x00000000     0x3dc6
 *(.debug_line .debug_line.* .debug_line_end)
 .debug_line    0x00000000      0x167 FreeRTOS/Port/heap_1.o
 .debug_line    0x00000167      0x327 FreeRTOS/Port/port.o
 .debug_line    0x0000048e      0x35c FreeRTOS/Source/croutine.o
 .debug_line    0x000007ea      0x1a2 FreeRTOS/Source/list.o
 .debug_line    0x0000098c      0x74f FreeRTOS/Source/queue.o
 .debug_line    0x000010db      0xb02 FreeRTOS/Source/tasks.o
 .debug_line    0x00001bdd      0x4fa FreeRTOS/Source/timers.o
 .debug_line    0x000020d7      0x2fd main.o
 .debug_line    0x000023d4      0x1ca MyDrivers/port_driver.o
 .debug_line    0x0000259e      0x355 MyDrivers/TC_driver.o
 .debug_line    0x000028f3      0x627 MyDrivers/usart_driver_RTOS.o
 .debug_line    0x00002f1a      0x2ed src/ASF/common/services/clock/xmega/sysclk.o
 .debug_line    0x00003207      0x166 src/ASF/common/services/ioport/xmega/ioport_compat.o
 .debug_line    0x0000336d      0x8cc src/ASF/xmega/drivers/nvm/nvm.o
 .debug_line    0x00003c39      0x11f src/ASF/xmega/drivers/nvm/nvm_asm.o
 .debug_line    0x00003d58       0x6e src/ASF/xmega/drivers/cpu/ccp.o

.debug_frame    0x00000000     0x13a4
 *(.debug_frame)
 .debug_frame   0x00000000       0x60 FreeRTOS/Port/heap_1.o
 .debug_frame   0x00000060       0x64 FreeRTOS/Port/port.o
 .debug_frame   0x000000c4       0xc4 FreeRTOS/Source/croutine.o
 .debug_frame   0x00000188       0x7c FreeRTOS/Source/list.o
 .debug_frame   0x00000204      0x208 FreeRTOS/Source/queue.o
 .debug_frame   0x0000040c      0x36c FreeRTOS/Source/tasks.o
 .debug_frame   0x00000778      0x160 FreeRTOS/Source/timers.o
 .debug_frame   0x000008d8       0x98 main.o
 .debug_frame   0x00000970       0x50 MyDrivers/port_driver.o
 .debug_frame   0x000009c0      0x174 MyDrivers/TC_driver.o
 .debug_frame   0x00000b34      0x494 MyDrivers/usart_driver_RTOS.o
 .debug_frame   0x00000fc8       0x64 src/ASF/common/services/clock/xmega/sysclk.o
 .debug_frame   0x0000102c       0x30 src/ASF/common/services/ioport/xmega/ioport_compat.o
 .debug_frame   0x0000105c      0x348 src/ASF/xmega/drivers/nvm/nvm.o

.debug_str      0x00000000     0x36cf
 *(.debug_str)
 .debug_str     0x00000000      0x1ed FreeRTOS/Port/heap_1.o
                                0x226 (size before relaxing)
 .debug_str     0x000001ed      0x66b FreeRTOS/Port/port.o
                                0x7dd (size before relaxing)
 .debug_str     0x00000858      0x39e FreeRTOS/Source/croutine.o
                                0x52e (size before relaxing)
 .debug_str     0x00000bf6       0x62 FreeRTOS/Source/list.o
                                0x299 (size before relaxing)
 .debug_str     0x00000c58      0x415 FreeRTOS/Source/queue.o
                                0x68a (size before relaxing)
 .debug_str     0x0000106d      0x4be FreeRTOS/Source/tasks.o
                                0x9ab (size before relaxing)
 .debug_str     0x0000152b      0x336 FreeRTOS/Source/timers.o
                                0x75c (size before relaxing)
 .debug_str     0x00001861      0x4b7 main.o
                                0x774 (size before relaxing)
 .debug_str     0x00001d18      0x312 MyDrivers/port_driver.o
                                0x53e (size before relaxing)
 .debug_str     0x0000202a      0x697 MyDrivers/TC_driver.o
                                0xcb0 (size before relaxing)
 .debug_str     0x000026c1      0x2c1 MyDrivers/usart_driver_RTOS.o
                                0x8d8 (size before relaxing)
 .debug_str     0x00002982      0x3ba src/ASF/common/services/clock/xmega/sysclk.o
                                0x615 (size before relaxing)
 .debug_str     0x00002d3c       0x77 src/ASF/common/services/ioport/xmega/ioport_compat.o
                                0x21d (size before relaxing)
 .debug_str     0x00002db3      0x91c src/ASF/xmega/drivers/nvm/nvm.o
                                0xb27 (size before relaxing)

.debug_loc      0x00000000     0x5b9a
 *(.debug_loc)
 .debug_loc     0x00000000       0xf1 FreeRTOS/Port/heap_1.o
 .debug_loc     0x000000f1      0x281 FreeRTOS/Port/port.o
 .debug_loc     0x00000372      0x3f9 FreeRTOS/Source/croutine.o
 .debug_loc     0x0000076b       0xfe FreeRTOS/Source/list.o
 .debug_loc     0x00000869      0xc30 FreeRTOS/Source/queue.o
 .debug_loc     0x00001499     0x11d7 FreeRTOS/Source/tasks.o
 .debug_loc     0x00002670      0xad5 FreeRTOS/Source/timers.o
 .debug_loc     0x00003145      0x12a main.o
 .debug_loc     0x0000326f      0x15d MyDrivers/port_driver.o
 .debug_loc     0x000033cc      0x378 MyDrivers/TC_driver.o
 .debug_loc     0x00003744     0x1098 MyDrivers/usart_driver_RTOS.o
 .debug_loc     0x000047dc      0x217 src/ASF/common/services/clock/xmega/sysclk.o
 .debug_loc     0x000049f3       0x66 src/ASF/common/services/ioport/xmega/ioport_compat.o
 .debug_loc     0x00004a59     0x1141 src/ASF/xmega/drivers/nvm/nvm.o

.debug_macinfo
 *(.debug_macinfo)

.debug_weaknames
 *(.debug_weaknames)

.debug_funcnames
 *(.debug_funcnames)

.debug_typenames
 *(.debug_typenames)

.debug_varnames
 *(.debug_varnames)

.debug_pubtypes
 *(.debug_pubtypes)

.debug_ranges   0x00000000      0x5a8
 *(.debug_ranges)
 .debug_ranges  0x00000000       0x28 FreeRTOS/Port/heap_1.o
 .debug_ranges  0x00000028       0x30 FreeRTOS/Port/port.o
 .debug_ranges  0x00000058       0x40 FreeRTOS/Source/croutine.o
 .debug_ranges  0x00000098       0x30 FreeRTOS/Source/list.o
 .debug_ranges  0x000000c8       0x80 FreeRTOS/Source/queue.o
 .debug_ranges  0x00000148      0x120 FreeRTOS/Source/tasks.o
 .debug_ranges  0x00000268       0xa8 FreeRTOS/Source/timers.o
 .debug_ranges  0x00000310       0x30 main.o
 .debug_ranges  0x00000340       0x20 MyDrivers/port_driver.o
 .debug_ranges  0x00000360       0xb8 MyDrivers/TC_driver.o
 .debug_ranges  0x00000418       0x80 MyDrivers/usart_driver_RTOS.o
 .debug_ranges  0x00000498       0x30 src/ASF/common/services/clock/xmega/sysclk.o
 .debug_ranges  0x000004c8       0x10 src/ASF/common/services/ioport/xmega/ioport_compat.o
 .debug_ranges  0x000004d8       0xb0 src/ASF/xmega/drivers/nvm/nvm.o
 .debug_ranges  0x00000588       0x20 src/ASF/xmega/drivers/nvm/nvm_asm.o

.debug_macro
 *(.debug_macro)
OUTPUT(main.elf elf32-avr)
LOAD linker stubs
